~/workspace$ git add .
~/workspace$ git commit -m "Add Render migration: configs, health endpoint, database migration"
On branch test
Your branch is ahead of 'origin/test' by 6 commits.
  (use "git push" to publish your local commits)

nothing to commit, working tree clean
~/workspace$ git push origin main
To https://github.com/edduval373/aiSentinel.git
 ! [rejected]        main -> main (non-fast-forward)
error: failed to push some refs to 'https://github.com/edduval373/aiSentinel.git'
hint: Updates were rejected because a pushed branch tip is behind its remote
hint: counterpart. If you want to integrate the remote changes, use 'git pull'
hint: before pushing again.
hint: See the 'Note about fast-forwards' in 'git push --help' for details.
~/workspace$ ^C
~/workspace$ git push origin test
Enumerating objects: 30, done.
Counting objects: 100% (30/30), done.
Delta compression using up to 8 threads
Compressing objects: 100% (25/25), done.
Writing objects: 100% (25/25), 1.56 MiB | 4.65 MiB/s, done.
Total 25 (delta 15), reused 0 (delta 0), pack-reused 0 (from 0)
remote: Resolving deltas: 100% (15/15), completed with 5 local objects.
remote: This repository moved. Please use the new location:
remote:   https://github.com/edduval373/aisentinel.git
remote: error: GH013: Repository rule violations found for refs/heads/test.
remote: 
remote: - GITHUB PUSH PROTECTION
remote:   —————————————————————————————————————————
remote:     Resolve the following violations before pushing again
remote: 
remote:     - Push cannot contain secrets
remote: 
remote:     
remote:      (?) Learn how to resolve a blocked push
remote:      https://docs.github.com/code-security/secret-scanning/working-with-secret-scanning-and-push-protection/working-with-push-protection-from-the-command-line#resolving-a-blocked-push
remote:     
remote:     
remote:       —— OpenAI API Key ————————————————————————————————————
remote:        locations:
remote:          - commit: faf24ed2bbc6d8f1df1691e6619b9bcd4458a0f8
remote:            path: aisentinel_railway_backup.sql:1421
remote:          - commit: faf24ed2bbc6d8f1df1691e6619b9bcd4458a0f8
remote:            path: aisentinel_railway_backup.sql:1422
remote:          - commit: faf24ed2bbc6d8f1df1691e6619b9bcd4458a0f8
remote:            path: aisentinel_railway_backup.sql:1423
remote:     
remote:        (?) To push, remove secret from commit(s) or follow this URL to allow the secret.
remote:        https://github.com/edduval373/aisentinel/security/secret-scanning/unblock-secret/30ymHEVJPH7WxFB9s5GgiBygVWF
remote:     
remote:     
remote:       —— Anthropic API Key —————————————————————————————————
remote:        locations:
remote:          - commit: faf24ed2bbc6d8f1df1691e6619b9bcd4458a0f8
remote:            path: aisentinel_railway_backup.sql:1425
remote:          - commit: faf24ed2bbc6d8f1df1691e6619b9bcd4458a0f8
remote:            path: aisentinel_railway_backup.sql:1426
remote:     
remote:        (?) To push, remove secret from commit(s) or follow this URL to allow the secret.
remote:        https://github.com/edduval373/aisentinel/security/secret-scanning/unblock-secret/30ymHFYS2RV4IIgT4Cgn9KDtD9Q
remote:     
remote: 
remote: 
To https://github.com/edduval373/aiSentinel.git
 ! [remote rejected] test -> test (push declined due to repository rule violations)
~/workspace$ ~/workspace$ git push origin test
Enumerating o
             ^C
~/workspace$ rm aisentinel_railway_backup.sql
rm: cannot remove 'aisentinel_railway_backup.sql': No such file or directory
~/workspace$ git add .
~/workspace$ git commit -m "Add Render migration configuration (exclude sensitive backup)"
On branch test
Your branch is ahead of 'origin/test' by 7 commits.
  (use "git push" to publish your local commits)

nothing to commit, working tree clean
~/workspace$ git push origin test
Enumerating objects: 37, done.
Counting objects: 100% (37/37), done.
Delta compression using up to 8 threads
Compressing objects: 100% (31/31), done.
Writing objects: 100% (31/31), 1.56 MiB | 5.13 MiB/s, done.
Total 31 (delta 19), reused 0 (delta 0), pack-reused 0 (from 0)
remote: Resolving deltas: 100% (19/19), completed with 6 local objects.
remote: This repository moved. Please use the new location:
remote:   https://github.com/edduval373/aisentinel.git
remote: error: GH013: Repository rule violations found for refs/heads/test.
remote: 
remote: - GITHUB PUSH PROTECTION
remote:   —————————————————————————————————————————
remote:     Resolve the following violations before pushing again
remote: 
remote:     - Push cannot contain secrets
remote: 
remote:     
remote:      (?) Learn how to resolve a blocked push
remote:      https://docs.github.com/code-security/secret-scanning/working-with-secret-scanning-and-push-protection/working-with-push-protection-from-the-command-line#resolving-a-blocked-push
remote:     
remote:     
remote:       —— OpenAI API Key ————————————————————————————————————
remote:        locations:
remote:          - commit: faf24ed2bbc6d8f1df1691e6619b9bcd4458a0f8
remote:            path: aisentinel_railway_backup.sql:1421
remote:          - commit: faf24ed2bbc6d8f1df1691e6619b9bcd4458a0f8
remote:            path: aisentinel_railway_backup.sql:1422
remote:          - commit: faf24ed2bbc6d8f1df1691e6619b9bcd4458a0f8
remote:            path: aisentinel_railway_backup.sql:1423
remote:     
remote:        (?) To push, remove secret from commit(s) or follow this URL to allow the secret.
remote:        https://github.com/edduval373/aisentinel/security/secret-scanning/unblock-secret/30ymHEVJPH7WxFB9s5GgiBygVWF
remote:     
remote:     
remote:       —— Anthropic API Key —————————————————————————————————
remote:        locations:
remote:          - commit: faf24ed2bbc6d8f1df1691e6619b9bcd4458a0f8
remote:            path: aisentinel_railway_backup.sql:1425
remote:          - commit: faf24ed2bbc6d8f1df1691e6619b9bcd4458a0f8
remote:            path: aisentinel_railway_backup.sql:1426
remote:     
remote:        (?) To push, remove secret from commit(s) or follow this URL to allow the secret.
remote:        https://github.com/edduval373/aisentinel/security/secret-scanning/unblock-secret/30ymHFYS2RV4IIgT4Cgn9KDtD9Q
remote:     
remote: 
remote: 
To https://github.com/edduval373/aiSentinel.git
 ! [remote rejected] test -> test (push declined due to repository rule violations)
error: failed to push some refs to 'https://github.com/edduval373/aiSentinel.git'